// Jest Snapshot v1, https://goo.gl/fbAQLP

exports[`renders without crashing 1`] = `
<footer
  className="footer"
>
  <Container
    tag="div"
  >
    <span
      className="text-muted float-right"
    >
      v 
      0.10.0
    </span>
    <span
      className="text-muted"
    >
      Â© 
      <t
        ago={false}
        calendar={false}
        decimal={false}
        element={null}
        filter={[Function]}
        format="YYYY"
        fromNow={false}
        interval={60000}
        local={false}
        onChange={[Function]}
        titleFormat=""
        toNow={false}
        unit={null}
        unix={false}
        utc={false}
        withTitle={false}
      />
       TTCG
    </span>
  </Container>
</footer>
`;
